// Jest Snapshot v1, https://goo.gl/fbAQLP

exports[`workspace updates the eslintrc.json 1`] = `
{
  "extends": [
    "airbnb/base",
    "plugin:prettier/recommended",
    "plugin:unicorn/recommended",
    "plugin:compat/recommended",
    "plugin:import/recommended",
    "plugin:import/typescript",
    "plugin:security/recommended-legacy",
    "plugin:jsx-a11y/recommended",
    "plugin:jest/recommended",
    "plugin:jest-dom/recommended",
    "plugin:no-unsanitized/DOM",
  ],
  "ignorePatterns": [
    "**/*",
  ],
  "overrides": [
    {
      "files": [
        "*.ts",
        "*.tsx",
        "*.js",
        "*.jsx",
      ],
      "rules": {
        "@nx/enforce-module-boundaries": [
          "error",
          {
            "allow": [],
            "depConstraints": [
              {
                "onlyDependOnLibsWithTags": [
                  "*",
                ],
                "sourceTag": "*",
              },
            ],
            "enforceBuildableLibDependency": true,
          },
        ],
        "import/extensions": [
          "error",
          "always",
          {
            "js": "never",
            "jsx": "never",
            "ts": "never",
            "tsx": "never",
          },
        ],
        "import/no-extraneous-dependencies": "off",
        "import/order": [
          "error",
          {
            "alphabetize": {
              "order": "asc",
            },
            "groups": [
              [
                "builtin",
                "external",
              ],
              [
                "internal",
              ],
              [
                "parent",
                "sibling",
                "index",
              ],
            ],
            "newlines-between": "always",
            "pathGroups": [
              {
                "group": "internal",
                "pattern": "@proj/**",
              },
            ],
          },
        ],
        "import/prefer-default-export": "off",
        "jest/expect-expect": [
          "error",
          {
            "assertFunctionNames": [
              "expect",
              "cy.**.should",
              "**.contains",
            ],
          },
        ],
        "no-console": "off",
        "no-duplicate-imports": "error",
        "no-irregular-whitespace": "error",
        "no-restricted-exports": "off",
        "no-shadow": "off",
        "no-use-before-define": "off",
        "security/detect-object-injection": "off",
        "unicorn/filename-case": "off",
        "unicorn/no-array-for-each": "off",
        "unicorn/no-array-reduce": "off",
        "unicorn/no-for-loop": "off",
        "unicorn/no-null": "off",
        "unicorn/prefer-module": "off",
        "unicorn/prevent-abbreviations": [
          "error",
          {
            "allowList": {
              "getServerSideProps": true,
              "getStaticProps": true,
            },
            "replacements": {
              "env": {
                "environment": false,
              },
            },
          },
        ],
      },
    },
    {
      "extends": [
        "plugin:@nx/typescript",
      ],
      "files": [
        "*.ts",
        "*.tsx",
      ],
      "rules": {
        "@typescript-eslint/ban-ts-comment": "off",
        "@typescript-eslint/explicit-function-return-type": "off",
        "@typescript-eslint/interface-name-prefix": "off",
        "@typescript-eslint/no-empty-function": "off",
        "@typescript-eslint/no-explicit-any": "off",
        "@typescript-eslint/no-shadow": "error",
        "@typescript-eslint/no-unsafe-assignment": "off",
        "@typescript-eslint/no-unsafe-call": "off",
        "@typescript-eslint/no-unsafe-member-access": "off",
        "@typescript-eslint/no-unused-vars": "off",
        "@typescript-eslint/no-use-before-define": "error",
        "unicorn/prefer-node-protocol": "off",
      },
    },
    {
      "files": "*.json",
      "parser": "jsonc-eslint-parser",
      "rules": {
        "unicorn/prevent-abbreviations": "off",
      },
    },
    {
      "files": "jest.config.ts",
      "rules": {
        "unicorn/no-abusive-eslint-disable": "off",
      },
    },
  ],
  "parser": "@typescript-eslint/parser",
  "plugins": [
    "@typescript-eslint",
    "@nx",
    "import",
    "security",
    "jsx-a11y",
    "jest",
  ],
  "root": true,
  "settings": {
    "import/resolver": {
      "typescript": {
        "project": "tsconfig.base.json",
      },
    },
  },
}
`;
