// Jest Snapshot v1, https://goo.gl/fbAQLP

exports[`next install generator Generator Dependencies should match the snapshot for layout.tsx file: next-app/src/app/layout.tsx 1`] = `
"import './global.css';
import Axe from "../components/a11y/axe";

export const metadata = {
  title: 'Welcome to next-app',
  description: 'Generated by create-nx-workspace',
};

export default function RootLayout({
  children,
}: {
  children: React.ReactNode;
}) {
  return (
    <html lang="en">
      <body><Axe />{children}</body>
    </html>
  );
}
"
`;
