// Jest Snapshot v1, https://goo.gl/fbAQLP

exports[`app-insights generator executedGenerators should update server/main.ts 1`] = `
"/*
 * This is only a minimal custom server to get started.
 * You may want to consider using Express or another server framework, and enable security features such as CORS.
 *
 * For an example, see the Next.js repo:
 * Node - https://github.com/vercel/next.js/blob/canary/examples/custom-server
 */
import { createServer } from 'http';
import { parse } from 'node:url';
import * as path from 'path';
import next from 'next';
import * as appInsights from "applicationinsights";

// Next.js server options:
// - The environment variable is set by \`@nx/next:server\` when running the dev server.
// - The fallback \`__dirname\` is for production builds.
// - Feel free to change this to suit your needs.

const dir = process.env.NX_NEXT_DIR || path.join(__dirname, '..');
const dev = process.env.NODE_ENV === 'development';

// HTTP Server options:
// - Feel free to change this to suit your needs.
const hostname = process.env.HOST || 'localhost';
const port = process.env.PORT ? parseInt(process.env.PORT) : 4200;

async function main() {
    appInsights
        .setup(process.env.TEST_CONNECTION_STRING_ENV)
        .setAutoCollectConsole(true, true)
        .setAutoCollectDependencies(true)
        .setAutoCollectExceptions(true)
        .setAutoCollectHeartbeat(true)
        .setAutoCollectPerformance(true, true)
        .setAutoCollectRequests(true)
        .setAutoDependencyCorrelation(true)
        .setSendLiveMetrics(true)
        .setUseDiskRetryCaching(true);

    appInsights.defaultClient.context.tags[
        appInsights.defaultClient.context.keys.cloudRole
    ] = 'test';

    appInsights.start();

  const nextApp = next({ dev, dir });
  const handle = nextApp.getRequestHandler();

  await nextApp.prepare();

  const server = createServer((req, res) => {
    const parsedUrl = parse(req.url ?? '', true);
    handle(req, res, parsedUrl);
  });

  server.listen(port, hostname);

  console.log(\`[ ready ] on http://\${hostname}:\${port}\`);
}

main().catch((err) => {
  console.error(err);
  process.exit(1);
});
"
`;
